// Jest Snapshot v1, https://goo.gl/fbAQLP

exports[`Button should look like init snapshot 1`] = `
<StyledComponent
  forwardedComponent={
    Object {
      "$$typeof": Symbol(react.forward_ref),
      "attrs": Array [],
      "componentStyle": ComponentStyle {
        "componentId": "sc-bdVaJa",
        "isStatic": true,
        "rules": Array [
          "
  background-color: rgb(255, 255, 255);
  border: 4px;
  border-radius: 0px;
  color: #4d4d4d;
  font: 14px 'Helvetica Neue', Helvetica, Arial, sans-serif;
  padding: 6px 12px;
  font-weight: 300;
  box-shadow: 0 2px 4px 0 rgba(0, 0, 0, 0.2), 0 25px 50px 0 rgba(0, 0, 0, 0.1);
",
        ],
      },
      "displayName": "styled.button",
      "foldedComponentIds": Array [],
      "render": [Function],
      "styledComponentId": "sc-bdVaJa",
      "target": "button",
      "toString": [Function],
      "warnTooManyClasses": [Function],
      "withComponent": [Function],
    }
  }
  forwardedRef={null}
/>
`;
